[battery-monitor][debug] BLE candidates from selectors: 1
[battery-monitor][debug] BLE candidate begin id='BluetoothLE#BluetoothLEf4:4e:fc:6b:ad:3c-d1:01:38:30:00:d2'
[battery-monitor][debug] BLE candidate open succeeded in 64 ms id='BluetoothLE#BluetoothLEf4:4e:fc:6b:ad:3c-d1:01:38:30:00:d2'
[battery-monitor][debug] BLE candidate battery read took 73 ms, entries=1 id='BluetoothLE#BluetoothLEf4:4e:fc:6b:ad:3c-d1:01:38:30:00:d2'
[battery-monitor][debug] Fast connected-device query took 36 ms
[battery-monitor][debug] Fast connected-device entries scanned: 3
[battery-monitor][debug] Phone PnP raw pid=2 type=3 size=1 data=64 
[battery-monitor][debug] Phone PnP battery hint accepted value=100 pid=2 instance='BTHENUM\{0000111f-0000-1000-8000-00805f9b34fb}_VID&0001038f_PID&1200\8&7d85e01&0&9C5A81B10AB0_C00000000'
[battery-monitor][debug] DualShock HID fallback candidates: 11
[battery-monitor][debug] DualShock HID battery fallback accepted value=55 reportId=0x01  offset=12 instance='HID\{00001124-0000-1000-8000-00805F9B34FB}_VID&0002054C_PID&05C4\9&505233C&0&0000'
[battery-monitor][debug] Fast connected battery entries: 4
[battery-monitor][debug] Fast TWS candidates: 2
[battery-monitor][debug] AEP scan skipped because fast candidate scan already found targets.
[battery-monitor][debug] Xiaomi classic fallback: attempting RFCOMM connection to address=119657495887791
[battery-monitor][debug] Xiaomi classic fallback: connect(FD2D) failed error=10060
[battery-monitor][debug] Xiaomi classic fallback: connect(FD2D-insecure) failed error=10060
[battery-monitor][debug] Xiaomi classic fallback: connect(SPP-1101) failed error=10060
[battery-monitor][debug] Xiaomi classic fallback: connect(SPP-1101-insecure) failed error=10060
[battery-monitor][debug] Xiaomi classic fallback: connect(ZMI-1101) failed error=10060
[battery-monitor][debug] Xiaomi classic fallback: connect(ZMI-1101-insecure) failed error=10060
[battery-monitor][debug] Xiaomi classic fallback: connect(HFP-111E) failed error=10060
[battery-monitor][debug] Xiaomi classic fallback: connect(HFP-111E-insecure) failed error=10060
[battery-monitor][debug] Xiaomi classic fallback: connect(RFCOMM-port-15) failed error=10060
[battery-monitor][debug] Xiaomi classic fallback: connect(RFCOMM-port-15-insecure) failed error=10060
[battery-monitor][debug] Xiaomi classic fallback: using persisted cache for address=119657495887791
[battery-monitor][debug] Generic device scan skipped (set BATTERY_MONITOR_GENERIC_SCAN=1 to enable).
[battery-monitor][debug] BLE candidates from selectors: 1
[battery-monitor][debug] BLE candidate begin id='BluetoothLE#BluetoothLEf4:4e:fc:6b:ad:3c-d1:01:38:30:00:d2'
[battery-monitor][debug] BLE candidate open succeeded in 59 ms id='BluetoothLE#BluetoothLEf4:4e:fc:6b:ad:3c-d1:01:38:30:00:d2'
[battery-monitor][debug] BLE candidate battery read took 78 ms, entries=1 id='BluetoothLE#BluetoothLEf4:4e:fc:6b:ad:3c-d1:01:38:30:00:d2'
[battery-monitor][debug] Fast connected-device query took 29 ms
[battery-monitor][debug] Fast connected-device entries scanned: 3
[battery-monitor][debug] Phone PnP raw pid=2 type=3 size=1 data=64 
[battery-monitor][debug] Phone PnP battery hint accepted value=100 pid=2 instance='BTHENUM\{0000111f-0000-1000-8000-00805f9b34fb}_VID&0001038f_PID&1200\8&7d85e01&0&9C5A81B10AB0_C00000000'
[battery-monitor][debug] Controller battery cache hit key='wirelesscontroller' ageMs=4869
[battery-monitor][debug] Fast connected battery entries: 4
[battery-monitor][debug] Fast TWS candidates: 2
[battery-monitor][debug] AEP scan skipped because fast candidate scan already found targets.
[battery-monitor][debug] Xiaomi classic fallback: attempting RFCOMM connection to address=119657495887791
[battery-monitor][debug] Xiaomi classic fallback: RFCOMM connected via FD2D
[battery-monitor][debug] Xiaomi payload battery candidate tag=80 raw=(0,19,0) level=(0,19,0) score=49
[battery-monitor][debug] Xiaomi message type=0x04 opcode=0x50 seq=0 payload=01 C7 6D 26 DC 2C EA B5 70 2A 22 86 AB 71 40 E9 61 
[battery-monitor][debug] Xiaomi payload battery candidate tag=81 raw=(0,3,0) level=(0,3,0) score=49
[battery-monitor][debug] Xiaomi message type=0x04 opcode=0x51 seq=1 payload=01 
[battery-monitor][debug] Xiaomi message type=0xC0 opcode=0x50 seq=0 payload=01 40 C8 CA BC CB B3 8F 11 BD FA 8A F9 83 64 C0 02 
[battery-monitor][debug] Xiaomi message type=0xC0 opcode=0x51 seq=1 payload=01 00 
[battery-monitor][debug] Xiaomi payload battery candidate tag=2 raw=(0,59,0) level=(0,59,0) score=49
[battery-monitor][debug] Xiaomi payload battery candidate tag=17 raw=(22,2,8) level=(22,2,8) score=49
[battery-monitor][debug] Xiaomi message type=0x04 opcode=0x02 seq=2 payload=11 00 52 65 64 6D 69 20 42 75 64 73 20 34 20 50 72 6F 05 01 11 16 11 16 02 02 58 05 03 5A 4D EA 0E 02 04 01 02 05 00 03 06 11 16 02 08 01 04 07 FF 58 2F 02 0D 01 02 0F 01 
[battery-monitor][debug] Xiaomi payload battery candidate tag=1 raw=(17,22,17) level=(17,22,17) score=49
[battery-monitor][debug] Xiaomi payload battery candidate tag=3 raw=(90,77,234) level=(90,77,na) score=39
[battery-monitor][debug] Xiaomi payload battery candidate tag=7 raw=(255,88,47) level=(na,88,47) score=85
[battery-monitor][debug] Xiaomi payload battery candidate tag=9 raw=(0,45,0) level=(0,45,0) score=61
[battery-monitor][debug] Xiaomi payload battery candidate tag=1 raw=(108,211,238) level=(na,83,na) score=25
[battery-monitor][debug] Xiaomi payload battery candidate tag=5 raw=(2,2,0) level=(2,2,0) score=45
[battery-monitor][debug] Xiaomi message type=0x04 opcode=0x09 seq=3 payload=07 00 6C D3 EE 89 7F AF 07 01 6C D3 EE 89 7F AF 03 02 04 00 02 03 01 02 04 00 04 05 02 02 00 02 06 00 02 09 00 02 0A 01 02 0B 00 
[battery-monitor][debug] Xiaomi payload battery candidate tag=0 raw=(108,211,238) level=(na,83,na) score=37
[battery-monitor][debug] Xiaomi payload battery candidate tag=1 raw=(108,211,238) level=(na,83,na) score=25
[battery-monitor][debug] Xiaomi payload battery candidate tag=5 raw=(2,2,0) level=(2,2,0) score=45
[battery-monitor][debug] Xiaomi payload battery candidate tag=2 raw=(4,0,255) level=(4,0,na) score=39
[battery-monitor][debug] Xiaomi message type=0xC7 opcode=0x0E seq=2 payload=04 00 FF 58 2F 
[battery-monitor][debug] Xiaomi payload battery candidate tag=0 raw=(255,88,47) level=(na,88,47) score=85
[battery-monitor][debug] Xiaomi classic fallback: generic snapshot ignored because preferred snapshot is available
[battery-monitor][debug] Xiaomi classic fallback: battery merged left=na right=88 case=47
[battery-monitor][debug] Generic device scan skipped (set BATTERY_MONITOR_GENERIC_SCAN=1 to enable).
[battery-monitor][debug] BLE candidates from selectors: 1
[battery-monitor][debug] BLE candidate begin id='BluetoothLE#BluetoothLEf4:4e:fc:6b:ad:3c-d1:01:38:30:00:d2'
[battery-monitor][debug] BLE candidate open succeeded in 84 ms id='BluetoothLE#BluetoothLEf4:4e:fc:6b:ad:3c-d1:01:38:30:00:d2'
[battery-monitor][debug] BLE candidate battery read took 47 ms, entries=1 id='BluetoothLE#BluetoothLEf4:4e:fc:6b:ad:3c-d1:01:38:30:00:d2'
[battery-monitor][debug] Fast connected-device query took 37 ms
[battery-monitor][debug] Fast connected-device entries scanned: 3
[battery-monitor][debug] Phone PnP raw pid=2 type=3 size=1 data=64 
[battery-monitor][debug] Phone PnP battery hint accepted value=100 pid=2 instance='BTHENUM\{0000111f-0000-1000-8000-00805f9b34fb}_VID&0001038f_PID&1200\8&7d85e01&0&9C5A81B10AB0_C00000000'
[battery-monitor][debug] Controller battery cache hit key='wirelesscontroller' ageMs=19884
[battery-monitor][debug] Fast connected battery entries: 4
[battery-monitor][debug] Fast TWS candidates: 2
[battery-monitor][debug] AEP scan skipped because fast candidate scan already found targets.
[battery-monitor][debug] Xiaomi classic fallback: attempting RFCOMM connection to address=119657495887791
[battery-monitor][debug] Xiaomi classic fallback: RFCOMM connected via FD2D
[battery-monitor][debug] Xiaomi payload battery candidate tag=80 raw=(0,19,0) level=(0,19,0) score=49
[battery-monitor][debug] Xiaomi message type=0x04 opcode=0x50 seq=0 payload=01 05 D2 52 3D 6F 5F D5 3A 3B 33 07 CF BD 3A 6D A0 
[battery-monitor][debug] Xiaomi payload battery candidate tag=81 raw=(0,3,0) level=(0,3,0) score=49
[battery-monitor][debug] Xiaomi message type=0x04 opcode=0x51 seq=1 payload=01 
[battery-monitor][debug] Xiaomi message type=0xC0 opcode=0x50 seq=0 payload=01 0B BE 77 ED 8D A0 F7 1C FE D1 1F C9 8C 76 5C F2 
[battery-monitor][debug] Xiaomi message type=0xC0 opcode=0x51 seq=1 payload=01 00 
[battery-monitor][debug] Xiaomi payload battery candidate tag=2 raw=(0,59,0) level=(0,59,0) score=49
[battery-monitor][debug] Xiaomi payload battery candidate tag=17 raw=(22,2,8) level=(22,2,8) score=49
[battery-monitor][debug] Xiaomi message type=0x04 opcode=0x02 seq=2 payload=11 00 52 65 64 6D 69 20 42 75 64 73 20 34 20 50 72 6F 05 01 11 16 11 16 02 02 58 05 03 5A 4D EA 0E 02 04 01 02 05 00 03 06 11 16 02 08 01 04 07 FF 58 2F 02 0D 01 02 0F 01 
[battery-monitor][debug] Xiaomi payload battery candidate tag=1 raw=(17,22,17) level=(17,22,17) score=49
[battery-monitor][debug] Xiaomi payload battery candidate tag=3 raw=(90,77,234) level=(90,77,na) score=39
[battery-monitor][debug] Xiaomi payload battery candidate tag=7 raw=(255,88,47) level=(na,88,47) score=85
[battery-monitor][debug] Xiaomi payload battery candidate tag=9 raw=(0,45,0) level=(0,45,0) score=61
[battery-monitor][debug] Xiaomi payload battery candidate tag=1 raw=(108,211,238) level=(na,83,na) score=25
[battery-monitor][debug] Xiaomi payload battery candidate tag=5 raw=(2,2,0) level=(2,2,0) score=45
[battery-monitor][debug] Xiaomi message type=0x04 opcode=0x09 seq=3 payload=07 00 6C D3 EE 89 7F AF 07 01 6C D3 EE 89 7F AF 03 02 04 00 02 03 01 02 04 00 04 05 02 02 00 02 06 00 02 09 00 02 0A 01 02 0B 00 
[battery-monitor][debug] Xiaomi payload battery candidate tag=0 raw=(108,211,238) level=(na,83,na) score=37
[battery-monitor][debug] Xiaomi payload battery candidate tag=1 raw=(108,211,238) level=(na,83,na) score=25
[battery-monitor][debug] Xiaomi payload battery candidate tag=5 raw=(2,2,0) level=(2,2,0) score=45
[battery-monitor][debug] Xiaomi payload battery candidate tag=2 raw=(4,0,255) level=(4,0,na) score=39
[battery-monitor][debug] Xiaomi message type=0xC7 opcode=0x0E seq=2 payload=04 00 FF 58 2F 
[battery-monitor][debug] Xiaomi payload battery candidate tag=0 raw=(255,88,47) level=(na,88,47) score=85
[battery-monitor][debug] Xiaomi classic fallback: generic snapshot ignored because preferred snapshot is available
[battery-monitor][debug] Xiaomi classic fallback: battery merged left=na right=88 case=47
[battery-monitor][debug] Generic device scan skipped (set BATTERY_MONITOR_GENERIC_SCAN=1 to enable).
